// Jest Snapshot v1, https://goo.gl/fbAQLP

exports[`Rentability graph loads data properly 1`] = `
<styled.div>
  <div
    className="rentability_title"
  >
    <h2>
      Rentabilidade dos Títulos
    </h2>
  </div>
  <Memo(ForwardRef)
    highcharts={
      Object {
        "AST": [Function],
        "Axis": [Function],
        "CenteredSeriesMixin": Object {
          "getCenter": [Function],
          "getStartAndEndRadians": [Function],
        },
        "Chart": [Function],
        "Color": [Function],
        "Fx": [Function],
        "Legend": [Function],
        "LegendSymbolMixin": Object {
          "drawLineMarker": [Function],
          "drawRectangle": [Function],
        },
        "PlotLineOrBand": [Function],
        "Point": [Function],
        "Pointer": [Function],
        "Renderer": [Function],
        "SVGElement": [Function],
        "SVGRenderer": [Function],
        "SVG_NS": "http://www.w3.org/2000/svg",
        "Series": [Function],
        "StackItem": [Function],
        "Tick": [Function],
        "Time": [Function],
        "Tooltip": [Function],
        "_modules": Object {
          "Core/Animation/AnimationUtilities.js": Object {
            "animObject": [Function],
            "animate": [Function],
            "getDeferredAnimation": [Function],
            "setAnimation": [Function],
            "stop": [Function],
          },
          "Core/Animation/Fx.js": [Function],
          "Core/Axis/Axis.js": [Function],
          "Core/Axis/DateTimeAxis.js": [Function],
          "Core/Axis/LogarithmicAxis.js": [Function],
          "Core/Axis/PlotLineOrBand.js": [Function],
          "Core/Axis/StackingAxis.js": [Function],
          "Core/Axis/Tick.js": [Function],
          "Core/Chart/Chart.js": [Function],
          "Core/Color/Color.js": [Function],
          "Core/Color/Palette.js": Object {
            "backgroundColor": "#ffffff",
            "colors": Array [
              "#7cb5ec",
              "#434348",
              "#90ed7d",
              "#f7a35c",
              "#8085e9",
              "#f15c80",
              "#e4d354",
              "#2b908f",
              "#f45b5b",
              "#91e8e1",
            ],
            "highlightColor10": "#e6ebf5",
            "highlightColor100": "#003399",
            "highlightColor20": "#ccd6eb",
            "highlightColor60": "#6685c2",
            "highlightColor80": "#335cad",
            "indicatorNegativeLine": "#f21313",
            "indicatorPositiveLine": "#06b535",
            "neutralColor10": "#e6e6e6",
            "neutralColor100": "#000000",
            "neutralColor20": "#cccccc",
            "neutralColor3": "#f7f7f7",
            "neutralColor40": "#999999",
            "neutralColor5": "#f2f2f2",
            "neutralColor60": "#666666",
            "neutralColor80": "#333333",
          },
          "Core/Globals.js": [Circular],
          "Core/Legend.js": [Function],
          "Core/MSPointer.js": [Function],
          "Core/Options.js": Object {
            "dateFormat": [Function],
            "defaultOptions": Object {
              "caption": Object {
                "align": "left",
                "margin": 15,
                "text": "",
                "verticalAlign": "bottom",
              },
              "chart": Object {
                "backgroundColor": "#ffffff",
                "borderColor": "#335cad",
                "borderRadius": 0,
                "colorCount": 10,
                "defaultSeriesType": "line",
                "height": null,
                "ignoreHiddenSeries": true,
                "plotBorderColor": "#cccccc",
                "resetZoomButton": Object {
                  "position": Object {
                    "align": "right",
                    "x": -10,
                    "y": 10,
                  },
                  "theme": Object {
                    "zIndex": 6,
                  },
                },
                "spacing": Array [
                  10,
                  10,
                  15,
                  10,
                ],
                "styledMode": false,
                "width": null,
                "zoomBySingleTouch": false,
              },
              "colors": Array [
                "#7cb5ec",
                "#434348",
                "#90ed7d",
                "#f7a35c",
                "#8085e9",
                "#f15c80",
                "#e4d354",
                "#2b908f",
                "#f45b5b",
                "#91e8e1",
              ],
              "credits": Object {
                "enabled": true,
                "href": "https://www.highcharts.com?credits",
                "position": Object {
                  "align": "right",
                  "verticalAlign": "bottom",
                  "x": -10,
                  "y": -5,
                },
                "style": Object {
                  "color": "#999999",
                  "cursor": "pointer",
                  "fontSize": "9px",
                },
                "text": "Highcharts.com",
              },
              "global": Object {},
              "labels": Object {
                "style": Object {
                  "color": "#333333",
                  "position": "absolute",
                },
              },
              "lang": Object {
                "decimalPoint": ".",
                "loading": "Loading...",
                "months": Array [
                  "January",
                  "February",
                  "March",
                  "April",
                  "May",
                  "June",
                  "July",
                  "August",
                  "September",
                  "October",
                  "November",
                  "December",
                ],
                "numericSymbols": Array [
                  "k",
                  "M",
                  "G",
                  "T",
                  "P",
                  "E",
                ],
                "resetZoom": "Reset zoom",
                "resetZoomTitle": "Reset zoom level 1:1",
                "shortMonths": Array [
                  "Jan",
                  "Feb",
                  "Mar",
                  "Apr",
                  "May",
                  "Jun",
                  "Jul",
                  "Aug",
                  "Sep",
                  "Oct",
                  "Nov",
                  "Dec",
                ],
                "thousandsSep": " ",
                "weekdays": Array [
                  "Sunday",
                  "Monday",
                  "Tuesday",
                  "Wednesday",
                  "Thursday",
                  "Friday",
                  "Saturday",
                ],
              },
              "legend": Object {
                "align": "center",
                "alignColumns": true,
                "borderColor": "#999999",
                "borderRadius": 0,
                "enabled": true,
                "itemCheckboxStyle": Object {
                  "height": "13px",
                  "position": "absolute",
                  "width": "13px",
                },
                "itemHiddenStyle": Object {
                  "color": "#cccccc",
                },
                "itemHoverStyle": Object {
                  "color": "#000000",
                },
                "itemStyle": Object {
                  "color": "#333333",
                  "cursor": "pointer",
                  "fontSize": "12px",
                  "fontWeight": "bold",
                  "textOverflow": "ellipsis",
                },
                "labelFormatter": [Function],
                "layout": "horizontal",
                "navigation": Object {
                  "activeColor": "#003399",
                  "inactiveColor": "#cccccc",
                },
                "shadow": false,
                "squareSymbol": true,
                "symbolPadding": 5,
                "title": Object {
                  "style": Object {
                    "fontWeight": "bold",
                  },
                },
                "verticalAlign": "bottom",
                "x": 0,
                "y": 0,
              },
              "loading": Object {
                "labelStyle": Object {
                  "fontWeight": "bold",
                  "position": "relative",
                  "top": "45%",
                },
                "style": Object {
                  "backgroundColor": "#ffffff",
                  "opacity": 0.5,
                  "position": "absolute",
                  "textAlign": "center",
                },
              },
              "plotOptions": Object {
                "area": Object {
                  "allowPointSelect": false,
                  "animation": Object {
                    "duration": 1000,
                  },
                  "crisp": true,
                  "cropThreshold": 300,
                  "dataLabels": Object {
                    "align": "center",
                    "animation": Object {},
                    "defer": true,
                    "formatter": [Function],
                    "padding": 5,
                    "style": Object {
                      "color": "contrast",
                      "fontSize": "11px",
                      "fontWeight": "bold",
                      "textOutline": "1px contrast",
                    },
                    "verticalAlign": "bottom",
                    "x": 0,
                    "y": 0,
                  },
                  "events": Object {},
                  "findNearestPointBy": "x",
                  "lineWidth": 2,
                  "marker": Object {
                    "enabledThreshold": 2,
                    "lineColor": "#ffffff",
                    "lineWidth": 0,
                    "radius": 4,
                    "states": Object {
                      "hover": Object {
                        "animation": Object {
                          "duration": 50,
                        },
                        "enabled": true,
                        "lineWidthPlus": 1,
                        "radiusPlus": 2,
                      },
                      "normal": Object {
                        "animation": true,
                      },
                      "select": Object {
                        "fillColor": "#cccccc",
                        "lineColor": "#000000",
                        "lineWidth": 2,
                      },
                    },
                  },
                  "opacity": 1,
                  "point": Object {
                    "events": Object {},
                  },
                  "pointRange": 0,
                  "showCheckbox": false,
                  "softThreshold": true,
                  "states": Object {
                    "hover": Object {
                      "animation": Object {
                        "duration": 50,
                      },
                      "halo": Object {
                        "opacity": 0.25,
                        "size": 10,
                      },
                      "lineWidthPlus": 1,
                      "marker": Object {},
                    },
                    "inactive": Object {
                      "animation": Object {
                        "duration": 50,
                      },
                      "opacity": 0.2,
                    },
                    "normal": Object {
                      "animation": true,
                    },
                    "select": Object {
                      "animation": Object {
                        "duration": 0,
                      },
                    },
                  },
                  "stickyTracking": true,
                  "threshold": 0,
                  "turboThreshold": 1000,
                },
                "areaspline": Object {
                  "allowPointSelect": false,
                  "animation": Object {
                    "duration": 1000,
                  },
                  "crisp": true,
                  "cropThreshold": 300,
                  "dataLabels": Object {
                    "align": "center",
                    "animation": Object {},
                    "defer": true,
                    "formatter": [Function],
                    "padding": 5,
                    "style": Object {
                      "color": "contrast",
                      "fontSize": "11px",
                      "fontWeight": "bold",
                      "textOutline": "1px contrast",
                    },
                    "verticalAlign": "bottom",
                    "x": 0,
                    "y": 0,
                  },
                  "events": Object {},
                  "findNearestPointBy": "x",
                  "lineWidth": 2,
                  "marker": Object {
                    "enabledThreshold": 2,
                    "lineColor": "#ffffff",
                    "lineWidth": 0,
                    "radius": 4,
                    "states": Object {
                      "hover": Object {
                        "animation": Object {
                          "duration": 50,
                        },
                        "enabled": true,
                        "lineWidthPlus": 1,
                        "radiusPlus": 2,
                      },
                      "normal": Object {
                        "animation": true,
                      },
                      "select": Object {
                        "fillColor": "#cccccc",
                        "lineColor": "#000000",
                        "lineWidth": 2,
                      },
                    },
                  },
                  "opacity": 1,
                  "point": Object {
                    "events": Object {},
                  },
                  "pointRange": 0,
                  "showCheckbox": false,
                  "softThreshold": true,
                  "states": Object {
                    "hover": Object {
                      "animation": Object {
                        "duration": 50,
                      },
                      "halo": Object {
                        "opacity": 0.25,
                        "size": 10,
                      },
                      "lineWidthPlus": 1,
                      "marker": Object {},
                    },
                    "inactive": Object {
                      "animation": Object {
                        "duration": 50,
                      },
                      "opacity": 0.2,
                    },
                    "normal": Object {
                      "animation": true,
                    },
                    "select": Object {
                      "animation": Object {
                        "duration": 0,
                      },
                    },
                  },
                  "stickyTracking": true,
                  "threshold": 0,
                  "turboThreshold": 1000,
                },
                "bar": Object {
                  "allowPointSelect": false,
                  "animation": Object {
                    "duration": 1000,
                  },
                  "borderColor": "#ffffff",
                  "borderRadius": 0,
                  "centerInCategory": false,
                  "crisp": true,
                  "cropThreshold": 50,
                  "dataLabels": Object {
                    "align": undefined,
                    "animation": Object {},
                    "defer": true,
                    "formatter": [Function],
                    "padding": 5,
                    "style": Object {
                      "color": "contrast",
                      "fontSize": "11px",
                      "fontWeight": "bold",
                      "textOutline": "1px contrast",
                    },
                    "verticalAlign": undefined,
                    "x": 0,
                    "y": undefined,
                  },
                  "events": Object {},
                  "findNearestPointBy": "x",
                  "groupPadding": 0.2,
                  "lineWidth": 2,
                  "marker": null,
                  "minPointLength": 0,
                  "opacity": 1,
                  "point": Object {
                    "events": Object {},
                  },
                  "pointPadding": 0.1,
                  "pointRange": null,
                  "showCheckbox": false,
                  "softThreshold": true,
                  "startFromThreshold": true,
                  "states": Object {
                    "hover": Object {
                      "animation": Object {
                        "duration": 50,
                      },
                      "brightness": 0.1,
                      "halo": false,
                      "lineWidthPlus": 1,
                      "marker": Object {},
                    },
                    "inactive": Object {
                      "animation": Object {
                        "duration": 50,
                      },
                      "opacity": 0.2,
                    },
                    "normal": Object {
                      "animation": true,
                    },
                    "select": Object {
                      "animation": Object {
                        "duration": 0,
                      },
                      "borderColor": "#000000",
                      "color": "#cccccc",
                    },
                  },
                  "stickyTracking": false,
                  "threshold": 0,
                  "tooltip": Object {
                    "distance": 6,
                  },
                  "turboThreshold": 1000,
                },
                "column": Object {
                  "allowPointSelect": false,
                  "animation": Object {
                    "duration": 1000,
                  },
                  "borderColor": "#ffffff",
                  "borderRadius": 0,
                  "centerInCategory": false,
                  "crisp": true,
                  "cropThreshold": 50,
                  "dataLabels": Object {
                    "align": undefined,
                    "animation": Object {},
                    "defer": true,
                    "formatter": [Function],
                    "padding": 5,
                    "style": Object {
                      "color": "contrast",
                      "fontSize": "11px",
                      "fontWeight": "bold",
                      "textOutline": "1px contrast",
                    },
                    "verticalAlign": undefined,
                    "x": 0,
                    "y": undefined,
                  },
                  "events": Object {},
                  "findNearestPointBy": "x",
                  "groupPadding": 0.2,
                  "lineWidth": 2,
                  "marker": null,
                  "minPointLength": 0,
                  "opacity": 1,
                  "point": Object {
                    "events": Object {},
                  },
                  "pointPadding": 0.1,
                  "pointRange": null,
                  "showCheckbox": false,
                  "softThreshold": true,
                  "startFromThreshold": true,
                  "states": Object {
                    "hover": Object {
                      "animation": Object {
                        "duration": 50,
                      },
                      "brightness": 0.1,
                      "halo": false,
                      "lineWidthPlus": 1,
                      "marker": Object {},
                    },
                    "inactive": Object {
                      "animation": Object {
                        "duration": 50,
                      },
                      "opacity": 0.2,
                    },
                    "normal": Object {
                      "animation": true,
                    },
                    "select": Object {
                      "animation": Object {
                        "duration": 0,
                      },
                      "borderColor": "#000000",
                      "color": "#cccccc",
                    },
                  },
                  "stickyTracking": false,
                  "threshold": 0,
                  "tooltip": Object {
                    "distance": 6,
                  },
                  "turboThreshold": 1000,
                },
                "line": Object {
                  "allowPointSelect": false,
                  "animation": Object {
                    "duration": 1000,
                  },
                  "crisp": true,
                  "cropThreshold": 300,
                  "dataLabels": Object {
                    "align": "center",
                    "animation": Object {},
                    "defer": true,
                    "formatter": [Function],
                    "padding": 5,
                    "style": Object {
                      "color": "contrast",
                      "fontSize": "11px",
                      "fontWeight": "bold",
                      "textOutline": "1px contrast",
                    },
                    "verticalAlign": "bottom",
                    "x": 0,
                    "y": 0,
                  },
                  "events": Object {},
                  "findNearestPointBy": "x",
                  "lineWidth": 2,
                  "marker": Object {
                    "enabledThreshold": 2,
                    "lineColor": "#ffffff",
                    "lineWidth": 0,
                    "radius": 4,
                    "states": Object {
                      "hover": Object {
                        "animation": Object {
                          "duration": 50,
                        },
                        "enabled": true,
                        "lineWidthPlus": 1,
                        "radiusPlus": 2,
                      },
                      "normal": Object {
                        "animation": true,
                      },
                      "select": Object {
                        "fillColor": "#cccccc",
                        "lineColor": "#000000",
                        "lineWidth": 2,
                      },
                    },
                  },
                  "opacity": 1,
                  "point": Object {
                    "events": Object {},
                  },
                  "pointRange": 0,
                  "showCheckbox": false,
                  "softThreshold": true,
                  "states": Object {
                    "hover": Object {
                      "animation": Object {
                        "duration": 50,
                      },
                      "halo": Object {
                        "opacity": 0.25,
                        "size": 10,
                      },
                      "lineWidthPlus": 1,
                      "marker": Object {},
                    },
                    "inactive": Object {
                      "animation": Object {
                        "duration": 50,
                      },
                      "opacity": 0.2,
                    },
                    "normal": Object {
                      "animation": true,
                    },
                    "select": Object {
                      "animation": Object {
                        "duration": 0,
                      },
                    },
                  },
                  "stickyTracking": true,
                  "turboThreshold": 1000,
                },
                "pie": Object {
                  "allowPointSelect": false,
                  "animation": Object {
                    "duration": 1000,
                  },
                  "borderColor": "#ffffff",
                  "borderWidth": 1,
                  "center": Array [
                    null,
                    null,
                  ],
                  "clip": false,
                  "colorByPoint": true,
                  "crisp": true,
                  "cropThreshold": 300,
                  "dataLabels": Object {
                    "align": "center",
                    "allowOverlap": true,
                    "animation": Object {},
                    "connectorPadding": 5,
                    "connectorShape": "fixedOffset",
                    "crookDistance": "70%",
                    "defer": true,
                    "distance": 30,
                    "enabled": true,
                    "formatter": [Function],
                    "padding": 5,
                    "softConnector": true,
                    "style": Object {
                      "color": "contrast",
                      "fontSize": "11px",
                      "fontWeight": "bold",
                      "textOutline": "1px contrast",
                    },
                    "verticalAlign": "bottom",
                    "x": 0,
                    "y": 0,
                  },
                  "events": Object {},
                  "fillColor": undefined,
                  "findNearestPointBy": "x",
                  "ignoreHiddenPoint": true,
                  "inactiveOtherPoints": true,
                  "legendType": "point",
                  "lineWidth": undefined,
                  "marker": null,
                  "opacity": 1,
                  "point": Object {
                    "events": Object {},
                  },
                  "pointRange": 0,
                  "showCheckbox": false,
                  "showInLegend": false,
                  "size": null,
                  "slicedOffset": 10,
                  "softThreshold": true,
                  "states": Object {
                    "hover": Object {
                      "animation": Object {
                        "duration": 50,
                      },
                      "brightness": 0.1,
                      "halo": Object {
                        "opacity": 0.25,
                        "size": 10,
                      },
                      "lineWidthPlus": 1,
                      "marker": Object {},
                    },
                    "inactive": Object {
                      "animation": Object {
                        "duration": 50,
                      },
                      "opacity": 0.2,
                    },
                    "normal": Object {
                      "animation": true,
                    },
                    "select": Object {
                      "animation": Object {
                        "duration": 0,
                      },
                    },
                  },
                  "stickyTracking": false,
                  "tooltip": Object {
                    "followPointer": true,
                  },
                  "turboThreshold": 1000,
                },
                "scatter": Object {
                  "allowPointSelect": false,
                  "animation": Object {
                    "duration": 1000,
                  },
                  "crisp": true,
                  "cropThreshold": 300,
                  "dataLabels": Object {
                    "align": "center",
                    "animation": Object {},
                    "defer": true,
                    "formatter": [Function],
                    "padding": 5,
                    "style": Object {
                      "color": "contrast",
                      "fontSize": "11px",
                      "fontWeight": "bold",
                      "textOutline": "1px contrast",
                    },
                    "verticalAlign": "bottom",
                    "x": 0,
                    "y": 0,
                  },
                  "events": Object {},
                  "findNearestPointBy": "xy",
                  "jitter": Object {
                    "x": 0,
                    "y": 0,
                  },
                  "lineWidth": 0,
                  "marker": Object {
                    "enabled": true,
                    "enabledThreshold": 2,
                    "lineColor": "#ffffff",
                    "lineWidth": 0,
                    "radius": 4,
                    "states": Object {
                      "hover": Object {
                        "animation": Object {
                          "duration": 50,
                        },
                        "enabled": true,
                        "lineWidthPlus": 1,
                        "radiusPlus": 2,
                      },
                      "normal": Object {
                        "animation": true,
                      },
                      "select": Object {
                        "fillColor": "#cccccc",
                        "lineColor": "#000000",
                        "lineWidth": 2,
                      },
                    },
                  },
                  "opacity": 1,
                  "point": Object {
                    "events": Object {},
                  },
                  "pointRange": 0,
                  "showCheckbox": false,
                  "softThreshold": true,
                  "states": Object {
                    "hover": Object {
                      "animation": Object {
                        "duration": 50,
                      },
                      "halo": Object {
                        "opacity": 0.25,
                        "size": 10,
                      },
                      "lineWidthPlus": 1,
                      "marker": Object {},
                    },
                    "inactive": Object {
                      "animation": Object {
                        "duration": 50,
                      },
                      "opacity": 0.2,
                    },
                    "normal": Object {
                      "animation": true,
                    },
                    "select": Object {
                      "animation": Object {
                        "duration": 0,
                      },
                    },
                  },
                  "stickyTracking": true,
                  "tooltip": Object {
                    "headerFormat": "<span style=\\"color:{point.color}\\">●</span> <span style=\\"font-size: 10px\\"> {series.name}</span><br/>",
                    "pointFormat": "x: <b>{point.x}</b><br/>y: <b>{point.y}</b><br/>",
                  },
                  "turboThreshold": 1000,
                },
                "spline": Object {
                  "allowPointSelect": false,
                  "animation": Object {
                    "duration": 1000,
                  },
                  "crisp": true,
                  "cropThreshold": 300,
                  "dataLabels": Object {
                    "align": "center",
                    "animation": Object {},
                    "defer": true,
                    "formatter": [Function],
                    "padding": 5,
                    "style": Object {
                      "color": "contrast",
                      "fontSize": "11px",
                      "fontWeight": "bold",
                      "textOutline": "1px contrast",
                    },
                    "verticalAlign": "bottom",
                    "x": 0,
                    "y": 0,
                  },
                  "events": Object {},
                  "findNearestPointBy": "x",
                  "lineWidth": 2,
                  "marker": Object {
                    "enabledThreshold": 2,
                    "lineColor": "#ffffff",
                    "lineWidth": 0,
                    "radius": 4,
                    "states": Object {
                      "hover": Object {
                        "animation": Object {
                          "duration": 50,
                        },
                        "enabled": true,
                        "lineWidthPlus": 1,
                        "radiusPlus": 2,
                      },
                      "normal": Object {
                        "animation": true,
                      },
                      "select": Object {
                        "fillColor": "#cccccc",
                        "lineColor": "#000000",
                        "lineWidth": 2,
                      },
                    },
                  },
                  "opacity": 1,
                  "point": Object {
                    "events": Object {},
                  },
                  "pointRange": 0,
                  "showCheckbox": false,
                  "softThreshold": true,
                  "states": Object {
                    "hover": Object {
                      "animation": Object {
                        "duration": 50,
                      },
                      "halo": Object {
                        "opacity": 0.25,
                        "size": 10,
                      },
                      "lineWidthPlus": 1,
                      "marker": Object {},
                    },
                    "inactive": Object {
                      "animation": Object {
                        "duration": 50,
                      },
                      "opacity": 0.2,
                    },
                    "normal": Object {
                      "animation": true,
                    },
                    "select": Object {
                      "animation": Object {
                        "duration": 0,
                      },
                    },
                  },
                  "stickyTracking": true,
                  "turboThreshold": 1000,
                },
              },
              "subtitle": Object {
                "align": "center",
                "text": "",
                "widthAdjust": -44,
              },
              "symbols": Array [
                "circle",
                "diamond",
                "square",
                "triangle",
                "triangle-down",
              ],
              "time": Object {
                "Date": undefined,
                "getTimezoneOffset": undefined,
                "timezone": undefined,
                "timezoneOffset": 0,
                "useUTC": true,
              },
              "title": Object {
                "align": "center",
                "margin": 15,
                "text": "Chart title",
                "widthAdjust": -44,
              },
              "tooltip": Object {
                "animation": false,
                "backgroundColor": "rgba(247,247,247,0.85)",
                "borderRadius": 3,
                "borderWidth": 1,
                "dateTimeLabelFormats": Object {
                  "day": "%A, %b %e, %Y",
                  "hour": "%A, %b %e, %H:%M",
                  "millisecond": "%A, %b %e, %H:%M:%S.%L",
                  "minute": "%A, %b %e, %H:%M",
                  "month": "%B %Y",
                  "second": "%A, %b %e, %H:%M:%S",
                  "week": "Week from %A, %b %e, %Y",
                  "year": "%Y",
                },
                "enabled": true,
                "footerFormat": "",
                "headerFormat": "<span style=\\"font-size: 10px\\">{point.key}</span><br/>",
                "padding": 8,
                "pointFormat": "<span style=\\"color:{point.color}\\">●</span> {series.name}: <b>{point.y}</b><br/>",
                "shadow": true,
                "snap": 10,
                "style": Object {
                  "color": "#333333",
                  "cursor": "default",
                  "fontSize": "12px",
                  "whiteSpace": "nowrap",
                },
              },
            },
            "time": d {
              "Date": [Function],
              "getTimezoneOffset": [Function],
              "options": Object {
                "Date": undefined,
                "getTimezoneOffset": undefined,
                "timezone": undefined,
                "timezoneOffset": 0,
                "useUTC": true,
              },
              "timezoneOffset": 0,
              "useUTC": true,
              "variableTimezone": false,
            },
          },
          "Core/Pointer.js": [Function],
          "Core/Renderer/HTML/AST.js": [Function],
          "Core/Renderer/HTML/HTMLElement.js": [Function],
          "Core/Renderer/HTML/HTMLRenderer.js": [Function],
          "Core/Renderer/SVG/SVGElement.js": [Function],
          "Core/Renderer/SVG/SVGLabel.js": [Function],
          "Core/Renderer/SVG/SVGRenderer.js": [Function],
          "Core/Renderer/SVG/TextBuilder.js": [Function],
          "Core/Responsive.js": undefined,
          "Core/Series/DataLabels.js": undefined,
          "Core/Series/Point.js": [Function],
          "Core/Series/Series.js": [Function],
          "Core/Series/SeriesRegistry.js": Object {
            "getSeries": [Function],
            "registerSeriesType": [Function],
            "series": [Function],
            "seriesType": [Function],
            "seriesTypes": Object {
              "area": [Function],
              "areaspline": [Function],
              "bar": [Function],
              "column": [Function],
              "line": [Function],
              "pie": [Function],
              "scatter": [Function],
              "spline": [Function],
            },
          },
          "Core/Time.js": [Function],
          "Core/Tooltip.js": [Function],
          "Core/Utilities.js": Object {
            "addEvent": [Function],
            "arrayMax": [Function],
            "arrayMin": [Function],
            "attr": [Function],
            "clamp": [Function],
            "cleanRecursively": [Function],
            "clearTimeout": [Function],
            "correctFloat": [Function],
            "createElement": [Function],
            "css": [Function],
            "defined": [Function],
            "destroyObjectProperties": [Function],
            "discardElement": [Function],
            "erase": [Function],
            "error": [Function],
            "extend": [Function],
            "extendClass": [Function],
            "find": [Function],
            "fireEvent": [Function],
            "format": [Function],
            "getMagnitude": [Function],
            "getNestedProperty": [Function],
            "getOptions": [Function],
            "getStyle": [Function],
            "inArray": [Function],
            "isArray": [Function],
            "isClass": [Function],
            "isDOMElement": [Function],
            "isFunction": [Function],
            "isNumber": [Function],
            "isObject": [Function],
            "isString": [Function],
            "keys": [Function],
            "merge": [Function],
            "normalizeTickInterval": [Function],
            "numberFormat": [Function],
            "objectEach": [Function],
            "offset": [Function],
            "pInt": [Function],
            "pad": [Function],
            "pick": [Function],
            "relativeLength": [Function],
            "removeEvent": [Function],
            "setOptions": [Function],
            "splat": [Function],
            "stableSort": [Function],
            "syncTimeout": [Function],
            "timeUnits": Object {
              "day": 86400000,
              "hour": 3600000,
              "millisecond": 1,
              "minute": 60000,
              "month": 2419200000,
              "second": 1000,
              "week": 604800000,
              "year": 31449600000,
            },
            "uniqueKey": [Function],
            "useSerialIds": [Function],
            "wrap": [Function],
          },
          "Extensions/OverlappingDataLabels.js": undefined,
          "Extensions/ScrollablePlotArea.js": undefined,
          "Extensions/Stacking.js": [Function],
          "Mixins/CenteredSeries.js": Object {
            "getCenter": [Function],
            "getStartAndEndRadians": [Function],
          },
          "Mixins/LegendSymbol.js": Object {
            "drawLineMarker": [Function],
            "drawRectangle": [Function],
          },
          "Series/Area/AreaSeries.js": [Function],
          "Series/AreaSpline/AreaSplineSeries.js": [Function],
          "Series/Bar/BarSeries.js": [Function],
          "Series/Column/ColumnSeries.js": [Function],
          "Series/Line/LineSeries.js": [Function],
          "Series/Pie/PiePoint.js": [Function],
          "Series/Pie/PieSeries.js": [Function],
          "Series/Scatter/ScatterSeries.js": [Function],
          "Series/Spline/SplineSeries.js": [Function],
          "masters/highcharts.src.js": [Circular],
        },
        "addEvent": [Function],
        "animObject": [Function],
        "arrayMax": [Function],
        "arrayMin": [Function],
        "attr": [Function],
        "chart": [Function],
        "chartCount": 0,
        "charts": Array [],
        "clearTimeout": [Function],
        "color": [Function],
        "correctFloat": [Function],
        "createElement": [Function],
        "css": [Function],
        "dateFormat": [Function],
        "dateFormats": Object {},
        "defaultOptions": Object {
          "caption": Object {
            "align": "left",
            "margin": 15,
            "text": "",
            "verticalAlign": "bottom",
          },
          "chart": Object {
            "backgroundColor": "#ffffff",
            "borderColor": "#335cad",
            "borderRadius": 0,
            "colorCount": 10,
            "defaultSeriesType": "line",
            "height": null,
            "ignoreHiddenSeries": true,
            "plotBorderColor": "#cccccc",
            "resetZoomButton": Object {
              "position": Object {
                "align": "right",
                "x": -10,
                "y": 10,
              },
              "theme": Object {
                "zIndex": 6,
              },
            },
            "spacing": Array [
              10,
              10,
              15,
              10,
            ],
            "styledMode": false,
            "width": null,
            "zoomBySingleTouch": false,
          },
          "colors": Array [
            "#7cb5ec",
            "#434348",
            "#90ed7d",
            "#f7a35c",
            "#8085e9",
            "#f15c80",
            "#e4d354",
            "#2b908f",
            "#f45b5b",
            "#91e8e1",
          ],
          "credits": Object {
            "enabled": true,
            "href": "https://www.highcharts.com?credits",
            "position": Object {
              "align": "right",
              "verticalAlign": "bottom",
              "x": -10,
              "y": -5,
            },
            "style": Object {
              "color": "#999999",
              "cursor": "pointer",
              "fontSize": "9px",
            },
            "text": "Highcharts.com",
          },
          "global": Object {},
          "labels": Object {
            "style": Object {
              "color": "#333333",
              "position": "absolute",
            },
          },
          "lang": Object {
            "decimalPoint": ".",
            "loading": "Loading...",
            "months": Array [
              "January",
              "February",
              "March",
              "April",
              "May",
              "June",
              "July",
              "August",
              "September",
              "October",
              "November",
              "December",
            ],
            "numericSymbols": Array [
              "k",
              "M",
              "G",
              "T",
              "P",
              "E",
            ],
            "resetZoom": "Reset zoom",
            "resetZoomTitle": "Reset zoom level 1:1",
            "shortMonths": Array [
              "Jan",
              "Feb",
              "Mar",
              "Apr",
              "May",
              "Jun",
              "Jul",
              "Aug",
              "Sep",
              "Oct",
              "Nov",
              "Dec",
            ],
            "thousandsSep": " ",
            "weekdays": Array [
              "Sunday",
              "Monday",
              "Tuesday",
              "Wednesday",
              "Thursday",
              "Friday",
              "Saturday",
            ],
          },
          "legend": Object {
            "align": "center",
            "alignColumns": true,
            "borderColor": "#999999",
            "borderRadius": 0,
            "enabled": true,
            "itemCheckboxStyle": Object {
              "height": "13px",
              "position": "absolute",
              "width": "13px",
            },
            "itemHiddenStyle": Object {
              "color": "#cccccc",
            },
            "itemHoverStyle": Object {
              "color": "#000000",
            },
            "itemStyle": Object {
              "color": "#333333",
              "cursor": "pointer",
              "fontSize": "12px",
              "fontWeight": "bold",
              "textOverflow": "ellipsis",
            },
            "labelFormatter": [Function],
            "layout": "horizontal",
            "navigation": Object {
              "activeColor": "#003399",
              "inactiveColor": "#cccccc",
            },
            "shadow": false,
            "squareSymbol": true,
            "symbolPadding": 5,
            "title": Object {
              "style": Object {
                "fontWeight": "bold",
              },
            },
            "verticalAlign": "bottom",
            "x": 0,
            "y": 0,
          },
          "loading": Object {
            "labelStyle": Object {
              "fontWeight": "bold",
              "position": "relative",
              "top": "45%",
            },
            "style": Object {
              "backgroundColor": "#ffffff",
              "opacity": 0.5,
              "position": "absolute",
              "textAlign": "center",
            },
          },
          "plotOptions": Object {
            "area": Object {
              "allowPointSelect": false,
              "animation": Object {
                "duration": 1000,
              },
              "crisp": true,
              "cropThreshold": 300,
              "dataLabels": Object {
                "align": "center",
                "animation": Object {},
                "defer": true,
                "formatter": [Function],
                "padding": 5,
                "style": Object {
                  "color": "contrast",
                  "fontSize": "11px",
                  "fontWeight": "bold",
                  "textOutline": "1px contrast",
                },
                "verticalAlign": "bottom",
                "x": 0,
                "y": 0,
              },
              "events": Object {},
              "findNearestPointBy": "x",
              "lineWidth": 2,
              "marker": Object {
                "enabledThreshold": 2,
                "lineColor": "#ffffff",
                "lineWidth": 0,
                "radius": 4,
                "states": Object {
                  "hover": Object {
                    "animation": Object {
                      "duration": 50,
                    },
                    "enabled": true,
                    "lineWidthPlus": 1,
                    "radiusPlus": 2,
                  },
                  "normal": Object {
                    "animation": true,
                  },
                  "select": Object {
                    "fillColor": "#cccccc",
                    "lineColor": "#000000",
                    "lineWidth": 2,
                  },
                },
              },
              "opacity": 1,
              "point": Object {
                "events": Object {},
              },
              "pointRange": 0,
              "showCheckbox": false,
              "softThreshold": true,
              "states": Object {
                "hover": Object {
                  "animation": Object {
                    "duration": 50,
                  },
                  "halo": Object {
                    "opacity": 0.25,
                    "size": 10,
                  },
                  "lineWidthPlus": 1,
                  "marker": Object {},
                },
                "inactive": Object {
                  "animation": Object {
                    "duration": 50,
                  },
                  "opacity": 0.2,
                },
                "normal": Object {
                  "animation": true,
                },
                "select": Object {
                  "animation": Object {
                    "duration": 0,
                  },
                },
              },
              "stickyTracking": true,
              "threshold": 0,
              "turboThreshold": 1000,
            },
            "areaspline": Object {
              "allowPointSelect": false,
              "animation": Object {
                "duration": 1000,
              },
              "crisp": true,
              "cropThreshold": 300,
              "dataLabels": Object {
                "align": "center",
                "animation": Object {},
                "defer": true,
                "formatter": [Function],
                "padding": 5,
                "style": Object {
                  "color": "contrast",
                  "fontSize": "11px",
                  "fontWeight": "bold",
                  "textOutline": "1px contrast",
                },
                "verticalAlign": "bottom",
                "x": 0,
                "y": 0,
              },
              "events": Object {},
              "findNearestPointBy": "x",
              "lineWidth": 2,
              "marker": Object {
                "enabledThreshold": 2,
                "lineColor": "#ffffff",
                "lineWidth": 0,
                "radius": 4,
                "states": Object {
                  "hover": Object {
                    "animation": Object {
                      "duration": 50,
                    },
                    "enabled": true,
                    "lineWidthPlus": 1,
                    "radiusPlus": 2,
                  },
                  "normal": Object {
                    "animation": true,
                  },
                  "select": Object {
                    "fillColor": "#cccccc",
                    "lineColor": "#000000",
                    "lineWidth": 2,
                  },
                },
              },
              "opacity": 1,
              "point": Object {
                "events": Object {},
              },
              "pointRange": 0,
              "showCheckbox": false,
              "softThreshold": true,
              "states": Object {
                "hover": Object {
                  "animation": Object {
                    "duration": 50,
                  },
                  "halo": Object {
                    "opacity": 0.25,
                    "size": 10,
                  },
                  "lineWidthPlus": 1,
                  "marker": Object {},
                },
                "inactive": Object {
                  "animation": Object {
                    "duration": 50,
                  },
                  "opacity": 0.2,
                },
                "normal": Object {
                  "animation": true,
                },
                "select": Object {
                  "animation": Object {
                    "duration": 0,
                  },
                },
              },
              "stickyTracking": true,
              "threshold": 0,
              "turboThreshold": 1000,
            },
            "bar": Object {
              "allowPointSelect": false,
              "animation": Object {
                "duration": 1000,
              },
              "borderColor": "#ffffff",
              "borderRadius": 0,
              "centerInCategory": false,
              "crisp": true,
              "cropThreshold": 50,
              "dataLabels": Object {
                "align": undefined,
                "animation": Object {},
                "defer": true,
                "formatter": [Function],
                "padding": 5,
                "style": Object {
                  "color": "contrast",
                  "fontSize": "11px",
                  "fontWeight": "bold",
                  "textOutline": "1px contrast",
                },
                "verticalAlign": undefined,
                "x": 0,
                "y": undefined,
              },
              "events": Object {},
              "findNearestPointBy": "x",
              "groupPadding": 0.2,
              "lineWidth": 2,
              "marker": null,
              "minPointLength": 0,
              "opacity": 1,
              "point": Object {
                "events": Object {},
              },
              "pointPadding": 0.1,
              "pointRange": null,
              "showCheckbox": false,
              "softThreshold": true,
              "startFromThreshold": true,
              "states": Object {
                "hover": Object {
                  "animation": Object {
                    "duration": 50,
                  },
                  "brightness": 0.1,
                  "halo": false,
                  "lineWidthPlus": 1,
                  "marker": Object {},
                },
                "inactive": Object {
                  "animation": Object {
                    "duration": 50,
                  },
                  "opacity": 0.2,
                },
                "normal": Object {
                  "animation": true,
                },
                "select": Object {
                  "animation": Object {
                    "duration": 0,
                  },
                  "borderColor": "#000000",
                  "color": "#cccccc",
                },
              },
              "stickyTracking": false,
              "threshold": 0,
              "tooltip": Object {
                "distance": 6,
              },
              "turboThreshold": 1000,
            },
            "column": Object {
              "allowPointSelect": false,
              "animation": Object {
                "duration": 1000,
              },
              "borderColor": "#ffffff",
              "borderRadius": 0,
              "centerInCategory": false,
              "crisp": true,
              "cropThreshold": 50,
              "dataLabels": Object {
                "align": undefined,
                "animation": Object {},
                "defer": true,
                "formatter": [Function],
                "padding": 5,
                "style": Object {
                  "color": "contrast",
                  "fontSize": "11px",
                  "fontWeight": "bold",
                  "textOutline": "1px contrast",
                },
                "verticalAlign": undefined,
                "x": 0,
                "y": undefined,
              },
              "events": Object {},
              "findNearestPointBy": "x",
              "groupPadding": 0.2,
              "lineWidth": 2,
              "marker": null,
              "minPointLength": 0,
              "opacity": 1,
              "point": Object {
                "events": Object {},
              },
              "pointPadding": 0.1,
              "pointRange": null,
              "showCheckbox": false,
              "softThreshold": true,
              "startFromThreshold": true,
              "states": Object {
                "hover": Object {
                  "animation": Object {
                    "duration": 50,
                  },
                  "brightness": 0.1,
                  "halo": false,
                  "lineWidthPlus": 1,
                  "marker": Object {},
                },
                "inactive": Object {
                  "animation": Object {
                    "duration": 50,
                  },
                  "opacity": 0.2,
                },
                "normal": Object {
                  "animation": true,
                },
                "select": Object {
                  "animation": Object {
                    "duration": 0,
                  },
                  "borderColor": "#000000",
                  "color": "#cccccc",
                },
              },
              "stickyTracking": false,
              "threshold": 0,
              "tooltip": Object {
                "distance": 6,
              },
              "turboThreshold": 1000,
            },
            "line": Object {
              "allowPointSelect": false,
              "animation": Object {
                "duration": 1000,
              },
              "crisp": true,
              "cropThreshold": 300,
              "dataLabels": Object {
                "align": "center",
                "animation": Object {},
                "defer": true,
                "formatter": [Function],
                "padding": 5,
                "style": Object {
                  "color": "contrast",
                  "fontSize": "11px",
                  "fontWeight": "bold",
                  "textOutline": "1px contrast",
                },
                "verticalAlign": "bottom",
                "x": 0,
                "y": 0,
              },
              "events": Object {},
              "findNearestPointBy": "x",
              "lineWidth": 2,
              "marker": Object {
                "enabledThreshold": 2,
                "lineColor": "#ffffff",
                "lineWidth": 0,
                "radius": 4,
                "states": Object {
                  "hover": Object {
                    "animation": Object {
                      "duration": 50,
                    },
                    "enabled": true,
                    "lineWidthPlus": 1,
                    "radiusPlus": 2,
                  },
                  "normal": Object {
                    "animation": true,
                  },
                  "select": Object {
                    "fillColor": "#cccccc",
                    "lineColor": "#000000",
                    "lineWidth": 2,
                  },
                },
              },
              "opacity": 1,
              "point": Object {
                "events": Object {},
              },
              "pointRange": 0,
              "showCheckbox": false,
              "softThreshold": true,
              "states": Object {
                "hover": Object {
                  "animation": Object {
                    "duration": 50,
                  },
                  "halo": Object {
                    "opacity": 0.25,
                    "size": 10,
                  },
                  "lineWidthPlus": 1,
                  "marker": Object {},
                },
                "inactive": Object {
                  "animation": Object {
                    "duration": 50,
                  },
                  "opacity": 0.2,
                },
                "normal": Object {
                  "animation": true,
                },
                "select": Object {
                  "animation": Object {
                    "duration": 0,
                  },
                },
              },
              "stickyTracking": true,
              "turboThreshold": 1000,
            },
            "pie": Object {
              "allowPointSelect": false,
              "animation": Object {
                "duration": 1000,
              },
              "borderColor": "#ffffff",
              "borderWidth": 1,
              "center": Array [
                null,
                null,
              ],
              "clip": false,
              "colorByPoint": true,
              "crisp": true,
              "cropThreshold": 300,
              "dataLabels": Object {
                "align": "center",
                "allowOverlap": true,
                "animation": Object {},
                "connectorPadding": 5,
                "connectorShape": "fixedOffset",
                "crookDistance": "70%",
                "defer": true,
                "distance": 30,
                "enabled": true,
                "formatter": [Function],
                "padding": 5,
                "softConnector": true,
                "style": Object {
                  "color": "contrast",
                  "fontSize": "11px",
                  "fontWeight": "bold",
                  "textOutline": "1px contrast",
                },
                "verticalAlign": "bottom",
                "x": 0,
                "y": 0,
              },
              "events": Object {},
              "fillColor": undefined,
              "findNearestPointBy": "x",
              "ignoreHiddenPoint": true,
              "inactiveOtherPoints": true,
              "legendType": "point",
              "lineWidth": undefined,
              "marker": null,
              "opacity": 1,
              "point": Object {
                "events": Object {},
              },
              "pointRange": 0,
              "showCheckbox": false,
              "showInLegend": false,
              "size": null,
              "slicedOffset": 10,
              "softThreshold": true,
              "states": Object {
                "hover": Object {
                  "animation": Object {
                    "duration": 50,
                  },
                  "brightness": 0.1,
                  "halo": Object {
                    "opacity": 0.25,
                    "size": 10,
                  },
                  "lineWidthPlus": 1,
                  "marker": Object {},
                },
                "inactive": Object {
                  "animation": Object {
                    "duration": 50,
                  },
                  "opacity": 0.2,
                },
                "normal": Object {
                  "animation": true,
                },
                "select": Object {
                  "animation": Object {
                    "duration": 0,
                  },
                },
              },
              "stickyTracking": false,
              "tooltip": Object {
                "followPointer": true,
              },
              "turboThreshold": 1000,
            },
            "scatter": Object {
              "allowPointSelect": false,
              "animation": Object {
                "duration": 1000,
              },
              "crisp": true,
              "cropThreshold": 300,
              "dataLabels": Object {
                "align": "center",
                "animation": Object {},
                "defer": true,
                "formatter": [Function],
                "padding": 5,
                "style": Object {
                  "color": "contrast",
                  "fontSize": "11px",
                  "fontWeight": "bold",
                  "textOutline": "1px contrast",
                },
                "verticalAlign": "bottom",
                "x": 0,
                "y": 0,
              },
              "events": Object {},
              "findNearestPointBy": "xy",
              "jitter": Object {
                "x": 0,
                "y": 0,
              },
              "lineWidth": 0,
              "marker": Object {
                "enabled": true,
                "enabledThreshold": 2,
                "lineColor": "#ffffff",
                "lineWidth": 0,
                "radius": 4,
                "states": Object {
                  "hover": Object {
                    "animation": Object {
                      "duration": 50,
                    },
                    "enabled": true,
                    "lineWidthPlus": 1,
                    "radiusPlus": 2,
                  },
                  "normal": Object {
                    "animation": true,
                  },
                  "select": Object {
                    "fillColor": "#cccccc",
                    "lineColor": "#000000",
                    "lineWidth": 2,
                  },
                },
              },
              "opacity": 1,
              "point": Object {
                "events": Object {},
              },
              "pointRange": 0,
              "showCheckbox": false,
              "softThreshold": true,
              "states": Object {
                "hover": Object {
                  "animation": Object {
                    "duration": 50,
                  },
                  "halo": Object {
                    "opacity": 0.25,
                    "size": 10,
                  },
                  "lineWidthPlus": 1,
                  "marker": Object {},
                },
                "inactive": Object {
                  "animation": Object {
                    "duration": 50,
                  },
                  "opacity": 0.2,
                },
                "normal": Object {
                  "animation": true,
                },
                "select": Object {
                  "animation": Object {
                    "duration": 0,
                  },
                },
              },
              "stickyTracking": true,
              "tooltip": Object {
                "headerFormat": "<span style=\\"color:{point.color}\\">●</span> <span style=\\"font-size: 10px\\"> {series.name}</span><br/>",
                "pointFormat": "x: <b>{point.x}</b><br/>y: <b>{point.y}</b><br/>",
              },
              "turboThreshold": 1000,
            },
            "spline": Object {
              "allowPointSelect": false,
              "animation": Object {
                "duration": 1000,
              },
              "crisp": true,
              "cropThreshold": 300,
              "dataLabels": Object {
                "align": "center",
                "animation": Object {},
                "defer": true,
                "formatter": [Function],
                "padding": 5,
                "style": Object {
                  "color": "contrast",
                  "fontSize": "11px",
                  "fontWeight": "bold",
                  "textOutline": "1px contrast",
                },
                "verticalAlign": "bottom",
                "x": 0,
                "y": 0,
              },
              "events": Object {},
              "findNearestPointBy": "x",
              "lineWidth": 2,
              "marker": Object {
                "enabledThreshold": 2,
                "lineColor": "#ffffff",
                "lineWidth": 0,
                "radius": 4,
                "states": Object {
                  "hover": Object {
                    "animation": Object {
                      "duration": 50,
                    },
                    "enabled": true,
                    "lineWidthPlus": 1,
                    "radiusPlus": 2,
                  },
                  "normal": Object {
                    "animation": true,
                  },
                  "select": Object {
                    "fillColor": "#cccccc",
                    "lineColor": "#000000",
                    "lineWidth": 2,
                  },
                },
              },
              "opacity": 1,
              "point": Object {
                "events": Object {},
              },
              "pointRange": 0,
              "showCheckbox": false,
              "softThreshold": true,
              "states": Object {
                "hover": Object {
                  "animation": Object {
                    "duration": 50,
                  },
                  "halo": Object {
                    "opacity": 0.25,
                    "size": 10,
                  },
                  "lineWidthPlus": 1,
                  "marker": Object {},
                },
                "inactive": Object {
                  "animation": Object {
                    "duration": 50,
                  },
                  "opacity": 0.2,
                },
                "normal": Object {
                  "animation": true,
                },
                "select": Object {
                  "animation": Object {
                    "duration": 0,
                  },
                },
              },
              "stickyTracking": true,
              "turboThreshold": 1000,
            },
          },
          "subtitle": Object {
            "align": "center",
            "text": "",
            "widthAdjust": -44,
          },
          "symbols": Array [
            "circle",
            "diamond",
            "square",
            "triangle",
            "triangle-down",
          ],
          "time": Object {
            "Date": undefined,
            "getTimezoneOffset": undefined,
            "timezone": undefined,
            "timezoneOffset": 0,
            "useUTC": true,
          },
          "title": Object {
            "align": "center",
            "margin": 15,
            "text": "Chart title",
            "widthAdjust": -44,
          },
          "tooltip": Object {
            "animation": false,
            "backgroundColor": "rgba(247,247,247,0.85)",
            "borderRadius": 3,
            "borderWidth": 1,
            "dateTimeLabelFormats": Object {
              "day": "%A, %b %e, %Y",
              "hour": "%A, %b %e, %H:%M",
              "millisecond": "%A, %b %e, %H:%M:%S.%L",
              "minute": "%A, %b %e, %H:%M",
              "month": "%B %Y",
              "second": "%A, %b %e, %H:%M:%S",
              "week": "Week from %A, %b %e, %Y",
              "year": "%Y",
            },
            "enabled": true,
            "footerFormat": "",
            "headerFormat": "<span style=\\"font-size: 10px\\">{point.key}</span><br/>",
            "padding": 8,
            "pointFormat": "<span style=\\"color:{point.color}\\">●</span> {series.name}: <b>{point.y}</b><br/>",
            "shadow": true,
            "snap": 10,
            "style": Object {
              "color": "#333333",
              "cursor": "default",
              "fontSize": "12px",
              "whiteSpace": "nowrap",
            },
          },
        },
        "defined": [Function],
        "deg2rad": 0.017453292519943295,
        "destroyObjectProperties": [Function],
        "discardElement": [Function],
        "distribute": [Function],
        "doc": Document {
          "location": Location {
            "assign": [Function],
            "hash": "",
            "host": "localhost",
            "hostname": "localhost",
            "href": "http://localhost/",
            "origin": "http://localhost",
            "pathname": "/",
            "port": "",
            "protocol": "http:",
            "reload": [Function],
            "replace": [Function],
            "search": "",
            "toString": [Function],
          },
          Symbol(DOM SymbolTree): SymbolTreeNode {
            "cachedIndex": -1,
            "cachedIndexVersion": NaN,
            "childIndexCachedUpTo": null,
            "childrenVersion": 0,
            "firstChild": null,
            "lastChild": null,
            "nextSibling": null,
            "parent": null,
            "previousSibling": null,
          },
        },
        "each": [Function],
        "erase": [Function],
        "error": [Function],
        "extend": [Function],
        "extendClass": [Function],
        "find": [Function],
        "fireEvent": [Function],
        "format": [Function],
        "getDeferredAnimation": [Function],
        "getMagnitude": [Function],
        "getOptions": [Function],
        "getStyle": [Function],
        "grep": [Function],
        "hasBidiBug": false,
        "hasTouch": true,
        "inArray": [Function],
        "isArray": [Function],
        "isChrome": false,
        "isClass": [Function],
        "isDOMElement": [Function],
        "isFirefox": false,
        "isFunction": [Function],
        "isMS": false,
        "isNumber": [Function],
        "isObject": [Function],
        "isSafari": false,
        "isString": [Function],
        "isTouchDevice": false,
        "isWebKit": true,
        "keys": [Function],
        "map": [Function],
        "marginNames": Array [
          "plotTop",
          "marginRight",
          "marginBottom",
          "plotLeft",
        ],
        "merge": [Function],
        "noop": [Function],
        "normalizeTickInterval": [Function],
        "numberFormat": [Function],
        "objectEach": [Function],
        "offset": [Function],
        "pInt": [Function],
        "pad": [Function],
        "pick": [Function],
        "product": "Highcharts",
        "reduce": [Function],
        "relativeLength": [Function],
        "removeEvent": [Function],
        "seriesType": [Function],
        "seriesTypes": Object {
          "area": [Function],
          "areaspline": [Function],
          "bar": [Function],
          "column": [Function],
          "line": [Function],
          "pie": [Function],
          "scatter": [Function],
          "spline": [Function],
        },
        "setAnimation": [Function],
        "setOptions": [Function],
        "some": [Function],
        "splat": [Function],
        "stableSort": [Function],
        "stop": [Function],
        "supportsPassiveEvents": true,
        "svg": false,
        "symbolSizes": Object {},
        "syncTimeout": [Function],
        "time": d {
          "Date": [Function],
          "getTimezoneOffset": [Function],
          "options": Object {
            "Date": undefined,
            "getTimezoneOffset": undefined,
            "timezone": undefined,
            "timezoneOffset": 0,
            "useUTC": true,
          },
          "timezoneOffset": 0,
          "useUTC": true,
          "variableTimezone": false,
        },
        "timeUnits": Object {
          "day": 86400000,
          "hour": 3600000,
          "millisecond": 1,
          "minute": 60000,
          "month": 2419200000,
          "second": 1000,
          "week": 604800000,
          "year": 31449600000,
        },
        "timers": Array [],
        "uniqueKey": [Function],
        "useSerialIds": [Function],
        "version": "9.0.1",
        "win": [Window],
        "wrap": [Function],
      }
    }
    options={
      Object {
        "chart": Object {
          "styledMode": true,
          "type": "areaspline",
        },
        "credits": Object {
          "enabled": false,
        },
        "defs": Object {
          "gradient0": Object {
            "children": Array [
              Object {
                "offset": 0,
                "tagName": "stop",
              },
              Object {
                "offset": 1,
                "tagName": "stop",
              },
            ],
            "id": "gradient-0",
            "tagName": "linearGradient",
            "x1": 0,
            "x2": 0,
            "y1": 0,
            "y2": 1,
          },
          "gradient1": Object {
            "children": Array [
              Object {
                "offset": 0,
                "tagName": "stop",
              },
              Object {
                "offset": 1,
                "tagName": "stop",
              },
            ],
            "id": "gradient-1",
            "tagName": "linearGradient",
            "x1": 0,
            "x2": 0,
            "y1": 0,
            "y2": 1,
          },
          "gradient2": Object {
            "children": Array [
              Object {
                "offset": 0,
                "tagName": "stop",
              },
              Object {
                "offset": 1,
                "tagName": "stop",
              },
            ],
            "id": "gradient-2",
            "tagName": "linearGradient",
            "x1": 0,
            "x2": 0,
            "y1": 0,
            "y2": 1,
          },
          "gradient3": Object {
            "children": Array [
              Object {
                "offset": 0,
                "tagName": "stop",
              },
              Object {
                "offset": 1,
                "tagName": "stop",
              },
            ],
            "id": "gradient-3",
            "tagName": "linearGradient",
            "x1": 0,
            "x2": 0,
            "y1": 0,
            "y2": 1,
          },
        },
        "legend": Object {
          "enabled": false,
        },
        "plotOptions": Object {
          "series": Object {
            "marker": Object {
              "enabled": false,
            },
          },
        },
        "series": Array [
          Object {
            "data": Array [
              1,
              4,
              3,
              5,
              6,
              12,
              4,
              6,
              3,
              7,
            ],
            "name": "John",
          },
          Object {
            "data": Array [
              2,
              4,
              1,
              4,
              4,
              4,
              3,
              5,
              6,
              8,
            ],
          },
        ],
        "title": Object {
          "text": "",
        },
        "xAxis": Object {
          "categories": Array [
            "Jan",
            "Feb",
            "Mar",
            "Apr",
            "May",
            "Jun",
            "Jul",
            "Aug",
            "Sep",
            "Oct",
            "Nov",
            "Dec",
          ],
        },
        "yAxis": Object {
          "title": Object {
            "text": "",
          },
        },
      }
    }
  />
</styled.div>
`;
